# gRPC service names for extended 150-domain tier_ru set
# Format: domain=service1 service2 ... (synthetic placeholder names for transport camouflage; not real upstream gRPC contracts)
yandex.ru=ru.yandex.api.v1.GatewayService ru.yandex.api.v1.SessionService ru.yandex.api.v1.CatalogService ru.yandex.api.v1.TelemetryService ru.yandex.api.v1.ContentService ru.yandex.api.v1.HealthService
disk.yandex.ru=ru.yandex.disk.api.v1.GatewayService ru.yandex.disk.api.v1.SessionService ru.yandex.disk.api.v1.CatalogService ru.yandex.disk.api.v1.TelemetryService ru.yandex.disk.api.v1.ContentService ru.yandex.disk.api.v1.HealthService
mail.ru=ru.mail.api.v1.GatewayService ru.mail.api.v1.SessionService ru.mail.api.v1.CatalogService ru.mail.api.v1.TelemetryService ru.mail.api.v1.ContentService ru.mail.api.v1.HealthService
dzen.ru=ru.dzen.api.v1.GatewayService ru.dzen.api.v1.SessionService ru.dzen.api.v1.CatalogService ru.dzen.api.v1.TelemetryService ru.dzen.api.v1.ContentService ru.dzen.api.v1.HealthService
kinopoisk.ru=ru.kinopoisk.api.v1.GatewayService ru.kinopoisk.api.v1.SessionService ru.kinopoisk.api.v1.CatalogService ru.kinopoisk.api.v1.TelemetryService ru.kinopoisk.api.v1.ContentService ru.kinopoisk.api.v1.HealthService
market.yandex.ru=ru.yandex.market.api.v1.GatewayService ru.yandex.market.api.v1.SessionService ru.yandex.market.api.v1.CatalogService ru.yandex.market.api.v1.TelemetryService ru.yandex.market.api.v1.ContentService ru.yandex.market.api.v1.HealthService
ya.ru=ru.ya.api.v1.GatewayService ru.ya.api.v1.SessionService ru.ya.api.v1.CatalogService ru.ya.api.v1.TelemetryService ru.ya.api.v1.ContentService ru.ya.api.v1.HealthService
auto.ru=ru.auto.api.v1.GatewayService ru.auto.api.v1.SessionService ru.auto.api.v1.CatalogService ru.auto.api.v1.TelemetryService ru.auto.api.v1.ContentService ru.auto.api.v1.HealthService
yandex.cloud=cloud.yandex.api.v1.GatewayService cloud.yandex.api.v1.SessionService cloud.yandex.api.v1.CatalogService cloud.yandex.api.v1.TelemetryService cloud.yandex.api.v1.ContentService cloud.yandex.api.v1.HealthService
music.yandex.ru=ru.yandex.music.api.v1.GatewayService ru.yandex.music.api.v1.SessionService ru.yandex.music.api.v1.CatalogService ru.yandex.music.api.v1.TelemetryService ru.yandex.music.api.v1.ContentService ru.yandex.music.api.v1.HealthService
news.yandex.ru=ru.yandex.news.api.v1.GatewayService ru.yandex.news.api.v1.SessionService ru.yandex.news.api.v1.CatalogService ru.yandex.news.api.v1.TelemetryService ru.yandex.news.api.v1.ContentService ru.yandex.news.api.v1.HealthService
maps.yandex.ru=ru.yandex.maps.api.v1.GatewayService ru.yandex.maps.api.v1.SessionService ru.yandex.maps.api.v1.CatalogService ru.yandex.maps.api.v1.TelemetryService ru.yandex.maps.api.v1.ContentService ru.yandex.maps.api.v1.HealthService
travel.yandex.ru=ru.yandex.travel.api.v1.GatewayService ru.yandex.travel.api.v1.SessionService ru.yandex.travel.api.v1.CatalogService ru.yandex.travel.api.v1.TelemetryService ru.yandex.travel.api.v1.ContentService ru.yandex.travel.api.v1.HealthService
pogoda.yandex.ru=ru.yandex.pogoda.api.v1.GatewayService ru.yandex.pogoda.api.v1.SessionService ru.yandex.pogoda.api.v1.CatalogService ru.yandex.pogoda.api.v1.TelemetryService ru.yandex.pogoda.api.v1.ContentService ru.yandex.pogoda.api.v1.HealthService
afisha.ru=ru.afisha.api.v1.GatewayService ru.afisha.api.v1.SessionService ru.afisha.api.v1.CatalogService ru.afisha.api.v1.TelemetryService ru.afisha.api.v1.ContentService ru.afisha.api.v1.HealthService
vk.com=com.vk.api.v1.GatewayService com.vk.api.v1.SessionService com.vk.api.v1.CatalogService com.vk.api.v1.TelemetryService com.vk.api.v1.ContentService com.vk.api.v1.HealthService
ok.ru=ru.ok.api.v1.GatewayService ru.ok.api.v1.SessionService ru.ok.api.v1.CatalogService ru.ok.api.v1.TelemetryService ru.ok.api.v1.ContentService ru.ok.api.v1.HealthService
rutube.ru=ru.rutube.api.v1.GatewayService ru.rutube.api.v1.SessionService ru.rutube.api.v1.CatalogService ru.rutube.api.v1.TelemetryService ru.rutube.api.v1.ContentService ru.rutube.api.v1.HealthService
pikabu.ru=ru.pikabu.api.v1.GatewayService ru.pikabu.api.v1.SessionService ru.pikabu.api.v1.CatalogService ru.pikabu.api.v1.TelemetryService ru.pikabu.api.v1.ContentService ru.pikabu.api.v1.HealthService
vc.ru=ru.vc.api.v1.GatewayService ru.vc.api.v1.SessionService ru.vc.api.v1.CatalogService ru.vc.api.v1.TelemetryService ru.vc.api.v1.ContentService ru.vc.api.v1.HealthService
habr.com=com.habr.api.v1.GatewayService com.habr.api.v1.SessionService com.habr.api.v1.CatalogService com.habr.api.v1.TelemetryService com.habr.api.v1.ContentService com.habr.api.v1.HealthService
sports.ru=ru.sports.api.v1.GatewayService ru.sports.api.v1.SessionService ru.sports.api.v1.CatalogService ru.sports.api.v1.TelemetryService ru.sports.api.v1.ContentService ru.sports.api.v1.HealthService
championat.com=com.championat.api.v1.GatewayService com.championat.api.v1.SessionService com.championat.api.v1.CatalogService com.championat.api.v1.TelemetryService com.championat.api.v1.ContentService com.championat.api.v1.HealthService
drive2.ru=ru.drive2.api.v1.GatewayService ru.drive2.api.v1.SessionService ru.drive2.api.v1.CatalogService ru.drive2.api.v1.TelemetryService ru.drive2.api.v1.ContentService ru.drive2.api.v1.HealthService
kp.ru=ru.kp.api.v1.GatewayService ru.kp.api.v1.SessionService ru.kp.api.v1.CatalogService ru.kp.api.v1.TelemetryService ru.kp.api.v1.ContentService ru.kp.api.v1.HealthService
aif.ru=ru.aif.api.v1.GatewayService ru.aif.api.v1.SessionService ru.aif.api.v1.CatalogService ru.aif.api.v1.TelemetryService ru.aif.api.v1.ContentService ru.aif.api.v1.HealthService
rg.ru=ru.rg.api.v1.GatewayService ru.rg.api.v1.SessionService ru.rg.api.v1.CatalogService ru.rg.api.v1.TelemetryService ru.rg.api.v1.ContentService ru.rg.api.v1.HealthService
vedomosti.ru=ru.vedomosti.api.v1.GatewayService ru.vedomosti.api.v1.SessionService ru.vedomosti.api.v1.CatalogService ru.vedomosti.api.v1.TelemetryService ru.vedomosti.api.v1.ContentService ru.vedomosti.api.v1.HealthService
fontanka.ru=ru.fontanka.api.v1.GatewayService ru.fontanka.api.v1.SessionService ru.fontanka.api.v1.CatalogService ru.fontanka.api.v1.TelemetryService ru.fontanka.api.v1.ContentService ru.fontanka.api.v1.HealthService
ngs.ru=ru.ngs.api.v1.GatewayService ru.ngs.api.v1.SessionService ru.ngs.api.v1.CatalogService ru.ngs.api.v1.TelemetryService ru.ngs.api.v1.ContentService ru.ngs.api.v1.HealthService
e1.ru=ru.e1.api.v1.GatewayService ru.e1.api.v1.SessionService ru.e1.api.v1.CatalogService ru.e1.api.v1.TelemetryService ru.e1.api.v1.ContentService ru.e1.api.v1.HealthService
74.ru=ru.d74.api.v1.GatewayService ru.d74.api.v1.SessionService ru.d74.api.v1.CatalogService ru.d74.api.v1.TelemetryService ru.d74.api.v1.ContentService ru.d74.api.v1.HealthService
59.ru=ru.d59.api.v1.GatewayService ru.d59.api.v1.SessionService ru.d59.api.v1.CatalogService ru.d59.api.v1.TelemetryService ru.d59.api.v1.ContentService ru.d59.api.v1.HealthService
66.ru=ru.d66.api.v1.GatewayService ru.d66.api.v1.SessionService ru.d66.api.v1.CatalogService ru.d66.api.v1.TelemetryService ru.d66.api.v1.ContentService ru.d66.api.v1.HealthService
161.ru=ru.d161.api.v1.GatewayService ru.d161.api.v1.SessionService ru.d161.api.v1.CatalogService ru.d161.api.v1.TelemetryService ru.d161.api.v1.ContentService ru.d161.api.v1.HealthService
ozon.ru=ru.ozon.api.v1.GatewayService ru.ozon.api.v1.SessionService ru.ozon.api.v1.CatalogService ru.ozon.api.v1.TelemetryService ru.ozon.api.v1.ContentService ru.ozon.api.v1.HealthService
wildberries.ru=ru.wildberries.api.v1.GatewayService ru.wildberries.api.v1.SessionService ru.wildberries.api.v1.CatalogService ru.wildberries.api.v1.TelemetryService ru.wildberries.api.v1.ContentService ru.wildberries.api.v1.HealthService
avito.ru=ru.avito.api.v1.GatewayService ru.avito.api.v1.SessionService ru.avito.api.v1.CatalogService ru.avito.api.v1.TelemetryService ru.avito.api.v1.ContentService ru.avito.api.v1.HealthService
dns-shop.ru=ru.dnsshop.api.v1.GatewayService ru.dnsshop.api.v1.SessionService ru.dnsshop.api.v1.CatalogService ru.dnsshop.api.v1.TelemetryService ru.dnsshop.api.v1.ContentService ru.dnsshop.api.v1.HealthService
citilink.ru=ru.citilink.api.v1.GatewayService ru.citilink.api.v1.SessionService ru.citilink.api.v1.CatalogService ru.citilink.api.v1.TelemetryService ru.citilink.api.v1.ContentService ru.citilink.api.v1.HealthService
detmir.ru=ru.detmir.api.v1.GatewayService ru.detmir.api.v1.SessionService ru.detmir.api.v1.CatalogService ru.detmir.api.v1.TelemetryService ru.detmir.api.v1.ContentService ru.detmir.api.v1.HealthService
megamarket.ru=ru.megamarket.api.v1.GatewayService ru.megamarket.api.v1.SessionService ru.megamarket.api.v1.CatalogService ru.megamarket.api.v1.TelemetryService ru.megamarket.api.v1.ContentService ru.megamarket.api.v1.HealthService
wb.ru=ru.wb.api.v1.GatewayService ru.wb.api.v1.SessionService ru.wb.api.v1.CatalogService ru.wb.api.v1.TelemetryService ru.wb.api.v1.ContentService ru.wb.api.v1.HealthService
mvideo.ru=ru.mvideo.api.v1.GatewayService ru.mvideo.api.v1.SessionService ru.mvideo.api.v1.CatalogService ru.mvideo.api.v1.TelemetryService ru.mvideo.api.v1.ContentService ru.mvideo.api.v1.HealthService
eldorado.ru=ru.eldorado.api.v1.GatewayService ru.eldorado.api.v1.SessionService ru.eldorado.api.v1.CatalogService ru.eldorado.api.v1.TelemetryService ru.eldorado.api.v1.ContentService ru.eldorado.api.v1.HealthService
lamoda.ru=ru.lamoda.api.v1.GatewayService ru.lamoda.api.v1.SessionService ru.lamoda.api.v1.CatalogService ru.lamoda.api.v1.TelemetryService ru.lamoda.api.v1.ContentService ru.lamoda.api.v1.HealthService
hoff.ru=ru.hoff.api.v1.GatewayService ru.hoff.api.v1.SessionService ru.hoff.api.v1.CatalogService ru.hoff.api.v1.TelemetryService ru.hoff.api.v1.ContentService ru.hoff.api.v1.HealthService
petrovich.ru=ru.petrovich.api.v1.GatewayService ru.petrovich.api.v1.SessionService ru.petrovich.api.v1.CatalogService ru.petrovich.api.v1.TelemetryService ru.petrovich.api.v1.ContentService ru.petrovich.api.v1.HealthService
lemanapro.ru=ru.leroymerlin.api.v1.GatewayService ru.leroymerlin.api.v1.SessionService ru.leroymerlin.api.v1.CatalogService ru.leroymerlin.api.v1.TelemetryService ru.leroymerlin.api.v1.ContentService ru.leroymerlin.api.v1.HealthService
vseinstrumenti.ru=ru.vseinstrumenti.api.v1.GatewayService ru.vseinstrumenti.api.v1.SessionService ru.vseinstrumenti.api.v1.CatalogService ru.vseinstrumenti.api.v1.TelemetryService ru.vseinstrumenti.api.v1.ContentService ru.vseinstrumenti.api.v1.HealthService
perekrestok.ru=ru.perekrestok.api.v1.GatewayService ru.perekrestok.api.v1.SessionService ru.perekrestok.api.v1.CatalogService ru.perekrestok.api.v1.TelemetryService ru.perekrestok.api.v1.ContentService ru.perekrestok.api.v1.HealthService
vprok.ru=ru.vprok.api.v1.GatewayService ru.vprok.api.v1.SessionService ru.vprok.api.v1.CatalogService ru.vprok.api.v1.TelemetryService ru.vprok.api.v1.ContentService ru.vprok.api.v1.HealthService
samokat.ru=ru.samokat.api.v1.GatewayService ru.samokat.api.v1.SessionService ru.samokat.api.v1.CatalogService ru.samokat.api.v1.TelemetryService ru.samokat.api.v1.ContentService ru.samokat.api.v1.HealthService
sbermarket.ru=ru.sbermarket.api.v1.GatewayService ru.sbermarket.api.v1.SessionService ru.sbermarket.api.v1.CatalogService ru.sbermarket.api.v1.TelemetryService ru.sbermarket.api.v1.ContentService ru.sbermarket.api.v1.HealthService
chitai-gorod.ru=ru.chitaigorod.api.v1.GatewayService ru.chitaigorod.api.v1.SessionService ru.chitaigorod.api.v1.CatalogService ru.chitaigorod.api.v1.TelemetryService ru.chitaigorod.api.v1.ContentService ru.chitaigorod.api.v1.HealthService
sberbank.ru=ru.sberbank.api.v1.GatewayService ru.sberbank.api.v1.SessionService ru.sberbank.api.v1.CatalogService ru.sberbank.api.v1.TelemetryService ru.sberbank.api.v1.ContentService ru.sberbank.api.v1.HealthService
tbank.ru=ru.tbank.api.v1.GatewayService ru.tbank.api.v1.SessionService ru.tbank.api.v1.CatalogService ru.tbank.api.v1.TelemetryService ru.tbank.api.v1.ContentService ru.tbank.api.v1.HealthService
tinkoff.ru=ru.tinkoff.api.v1.GatewayService ru.tinkoff.api.v1.SessionService ru.tinkoff.api.v1.CatalogService ru.tinkoff.api.v1.TelemetryService ru.tinkoff.api.v1.ContentService ru.tinkoff.api.v1.HealthService
alfabank.ru=ru.alfabank.api.v1.GatewayService ru.alfabank.api.v1.SessionService ru.alfabank.api.v1.CatalogService ru.alfabank.api.v1.TelemetryService ru.alfabank.api.v1.ContentService ru.alfabank.api.v1.HealthService
vtb.ru=ru.vtb.api.v1.GatewayService ru.vtb.api.v1.SessionService ru.vtb.api.v1.CatalogService ru.vtb.api.v1.TelemetryService ru.vtb.api.v1.ContentService ru.vtb.api.v1.HealthService
gazprombank.ru=ru.gazprombank.api.v1.GatewayService ru.gazprombank.api.v1.SessionService ru.gazprombank.api.v1.CatalogService ru.gazprombank.api.v1.TelemetryService ru.gazprombank.api.v1.ContentService ru.gazprombank.api.v1.HealthService
yoomoney.ru=ru.yoomoney.api.v1.GatewayService ru.yoomoney.api.v1.SessionService ru.yoomoney.api.v1.CatalogService ru.yoomoney.api.v1.TelemetryService ru.yoomoney.api.v1.ContentService ru.yoomoney.api.v1.HealthService
banki.ru=ru.banki.api.v1.GatewayService ru.banki.api.v1.SessionService ru.banki.api.v1.CatalogService ru.banki.api.v1.TelemetryService ru.banki.api.v1.ContentService ru.banki.api.v1.HealthService
sravni.ru=ru.sravni.api.v1.GatewayService ru.sravni.api.v1.SessionService ru.sravni.api.v1.CatalogService ru.sravni.api.v1.TelemetryService ru.sravni.api.v1.ContentService ru.sravni.api.v1.HealthService
raiffeisen.ru=ru.raiffeisen.api.v1.GatewayService ru.raiffeisen.api.v1.SessionService ru.raiffeisen.api.v1.CatalogService ru.raiffeisen.api.v1.TelemetryService ru.raiffeisen.api.v1.ContentService ru.raiffeisen.api.v1.HealthService
rosbank.ru=ru.rosbank.api.v1.GatewayService ru.rosbank.api.v1.SessionService ru.rosbank.api.v1.CatalogService ru.rosbank.api.v1.TelemetryService ru.rosbank.api.v1.ContentService ru.rosbank.api.v1.HealthService
psbank.ru=ru.psbank.api.v1.GatewayService ru.psbank.api.v1.SessionService ru.psbank.api.v1.CatalogService ru.psbank.api.v1.TelemetryService ru.psbank.api.v1.ContentService ru.psbank.api.v1.HealthService
sovcombank.ru=ru.sovcombank.api.v1.GatewayService ru.sovcombank.api.v1.SessionService ru.sovcombank.api.v1.CatalogService ru.sovcombank.api.v1.TelemetryService ru.sovcombank.api.v1.ContentService ru.sovcombank.api.v1.HealthService
akbars.ru=ru.akbars.api.v1.GatewayService ru.akbars.api.v1.SessionService ru.akbars.api.v1.CatalogService ru.akbars.api.v1.TelemetryService ru.akbars.api.v1.ContentService ru.akbars.api.v1.HealthService
domrfbank.ru=ru.domrfbank.api.v1.GatewayService ru.domrfbank.api.v1.SessionService ru.domrfbank.api.v1.CatalogService ru.domrfbank.api.v1.TelemetryService ru.domrfbank.api.v1.ContentService ru.domrfbank.api.v1.HealthService
cbr.ru=ru.cbr.api.v1.GatewayService ru.cbr.api.v1.SessionService ru.cbr.api.v1.CatalogService ru.cbr.api.v1.TelemetryService ru.cbr.api.v1.ContentService ru.cbr.api.v1.HealthService
rshb.ru=ru.rshb.api.v1.GatewayService ru.rshb.api.v1.SessionService ru.rshb.api.v1.CatalogService ru.rshb.api.v1.TelemetryService ru.rshb.api.v1.ContentService ru.rshb.api.v1.HealthService
gosuslugi.ru=ru.gosuslugi.api.v1.GatewayService ru.gosuslugi.api.v1.SessionService ru.gosuslugi.api.v1.CatalogService ru.gosuslugi.api.v1.TelemetryService ru.gosuslugi.api.v1.ContentService ru.gosuslugi.api.v1.HealthService
mos.ru=ru.mos.api.v1.GatewayService ru.mos.api.v1.SessionService ru.mos.api.v1.CatalogService ru.mos.api.v1.TelemetryService ru.mos.api.v1.ContentService ru.mos.api.v1.HealthService
nalog.ru=ru.nalog.api.v1.GatewayService ru.nalog.api.v1.SessionService ru.nalog.api.v1.CatalogService ru.nalog.api.v1.TelemetryService ru.nalog.api.v1.ContentService ru.nalog.api.v1.HealthService
zakupki.gov.ru=ru.gov.zakupki.api.v1.GatewayService ru.gov.zakupki.api.v1.SessionService ru.gov.zakupki.api.v1.CatalogService ru.gov.zakupki.api.v1.TelemetryService ru.gov.zakupki.api.v1.ContentService ru.gov.zakupki.api.v1.HealthService
rzd.ru=ru.rzd.api.v1.GatewayService ru.rzd.api.v1.SessionService ru.rzd.api.v1.CatalogService ru.rzd.api.v1.TelemetryService ru.rzd.api.v1.ContentService ru.rzd.api.v1.HealthService
sfr.gov.ru=ru.gov.sfr.api.v1.GatewayService ru.gov.sfr.api.v1.SessionService ru.gov.sfr.api.v1.CatalogService ru.gov.sfr.api.v1.TelemetryService ru.gov.sfr.api.v1.ContentService ru.gov.sfr.api.v1.HealthService
fssp.gov.ru=ru.gov.fssp.api.v1.GatewayService ru.gov.fssp.api.v1.SessionService ru.gov.fssp.api.v1.CatalogService ru.gov.fssp.api.v1.TelemetryService ru.gov.fssp.api.v1.ContentService ru.gov.fssp.api.v1.HealthService
gibdd.ru=ru.gibdd.api.v1.GatewayService ru.gibdd.api.v1.SessionService ru.gibdd.api.v1.CatalogService ru.gibdd.api.v1.TelemetryService ru.gibdd.api.v1.ContentService ru.gibdd.api.v1.HealthService
rosreestr.gov.ru=ru.gov.rosreestr.api.v1.GatewayService ru.gov.rosreestr.api.v1.SessionService ru.gov.rosreestr.api.v1.CatalogService ru.gov.rosreestr.api.v1.TelemetryService ru.gov.rosreestr.api.v1.ContentService ru.gov.rosreestr.api.v1.HealthService
rostrud.gov.ru=ru.gov.rostrud.api.v1.GatewayService ru.gov.rostrud.api.v1.SessionService ru.gov.rostrud.api.v1.CatalogService ru.gov.rostrud.api.v1.TelemetryService ru.gov.rostrud.api.v1.ContentService ru.gov.rostrud.api.v1.HealthService
trudvsem.ru=ru.trudvsem.api.v1.GatewayService ru.trudvsem.api.v1.SessionService ru.trudvsem.api.v1.CatalogService ru.trudvsem.api.v1.TelemetryService ru.trudvsem.api.v1.ContentService ru.trudvsem.api.v1.HealthService
minzdrav.gov.ru=ru.gov.minzdrav.api.v1.GatewayService ru.gov.minzdrav.api.v1.SessionService ru.gov.minzdrav.api.v1.CatalogService ru.gov.minzdrav.api.v1.TelemetryService ru.gov.minzdrav.api.v1.ContentService ru.gov.minzdrav.api.v1.HealthService
minfin.gov.ru=ru.gov.minfin.api.v1.GatewayService ru.gov.minfin.api.v1.SessionService ru.gov.minfin.api.v1.CatalogService ru.gov.minfin.api.v1.TelemetryService ru.gov.minfin.api.v1.ContentService ru.gov.minfin.api.v1.HealthService
edu.gov.ru=ru.gov.edu.api.v1.GatewayService ru.gov.edu.api.v1.SessionService ru.gov.edu.api.v1.CatalogService ru.gov.edu.api.v1.TelemetryService ru.gov.edu.api.v1.ContentService ru.gov.edu.api.v1.HealthService
customs.gov.ru=ru.gov.customs.api.v1.GatewayService ru.gov.customs.api.v1.SessionService ru.gov.customs.api.v1.CatalogService ru.gov.customs.api.v1.TelemetryService ru.gov.customs.api.v1.ContentService ru.gov.customs.api.v1.HealthService
megafon.ru=ru.megafon.api.v1.GatewayService ru.megafon.api.v1.SessionService ru.megafon.api.v1.CatalogService ru.megafon.api.v1.TelemetryService ru.megafon.api.v1.ContentService ru.megafon.api.v1.HealthService
mts.ru=ru.mts.api.v1.GatewayService ru.mts.api.v1.SessionService ru.mts.api.v1.CatalogService ru.mts.api.v1.TelemetryService ru.mts.api.v1.ContentService ru.mts.api.v1.HealthService
beeline.ru=ru.beeline.api.v1.GatewayService ru.beeline.api.v1.SessionService ru.beeline.api.v1.CatalogService ru.beeline.api.v1.TelemetryService ru.beeline.api.v1.ContentService ru.beeline.api.v1.HealthService
tele2.ru=ru.tele2.api.v1.GatewayService ru.tele2.api.v1.SessionService ru.tele2.api.v1.CatalogService ru.tele2.api.v1.TelemetryService ru.tele2.api.v1.ContentService ru.tele2.api.v1.HealthService
rt.ru=ru.rt.api.v1.GatewayService ru.rt.api.v1.SessionService ru.rt.api.v1.CatalogService ru.rt.api.v1.TelemetryService ru.rt.api.v1.ContentService ru.rt.api.v1.HealthService
yota.ru=ru.yota.api.v1.GatewayService ru.yota.api.v1.SessionService ru.yota.api.v1.CatalogService ru.yota.api.v1.TelemetryService ru.yota.api.v1.ContentService ru.yota.api.v1.HealthService
mgts.ru=ru.mgts.api.v1.GatewayService ru.mgts.api.v1.SessionService ru.mgts.api.v1.CatalogService ru.mgts.api.v1.TelemetryService ru.mgts.api.v1.ContentService ru.mgts.api.v1.HealthService
dom.ru=ru.dom.api.v1.GatewayService ru.dom.api.v1.SessionService ru.dom.api.v1.CatalogService ru.dom.api.v1.TelemetryService ru.dom.api.v1.ContentService ru.dom.api.v1.HealthService
tattelecom.ru=ru.tattelecom.api.v1.GatewayService ru.tattelecom.api.v1.SessionService ru.tattelecom.api.v1.CatalogService ru.tattelecom.api.v1.TelemetryService ru.tattelecom.api.v1.ContentService ru.tattelecom.api.v1.HealthService
reg.ru=ru.reg.api.v1.GatewayService ru.reg.api.v1.SessionService ru.reg.api.v1.CatalogService ru.reg.api.v1.TelemetryService ru.reg.api.v1.ContentService ru.reg.api.v1.HealthService
nic.ru=ru.nic.api.v1.GatewayService ru.nic.api.v1.SessionService ru.nic.api.v1.CatalogService ru.nic.api.v1.TelemetryService ru.nic.api.v1.ContentService ru.nic.api.v1.HealthService
okko.tv=ru.okko.api.v1.GatewayService ru.okko.api.v1.SessionService ru.okko.api.v1.CatalogService ru.okko.api.v1.TelemetryService ru.okko.api.v1.ContentService ru.okko.api.v1.HealthService
ivi.ru=ru.ivi.api.v1.GatewayService ru.ivi.api.v1.SessionService ru.ivi.api.v1.CatalogService ru.ivi.api.v1.TelemetryService ru.ivi.api.v1.ContentService ru.ivi.api.v1.HealthService
kion.ru=ru.kion.api.v1.GatewayService ru.kion.api.v1.SessionService ru.kion.api.v1.CatalogService ru.kion.api.v1.TelemetryService ru.kion.api.v1.ContentService ru.kion.api.v1.HealthService
kaspersky.ru=ru.kaspersky.api.v1.GatewayService ru.kaspersky.api.v1.SessionService ru.kaspersky.api.v1.CatalogService ru.kaspersky.api.v1.TelemetryService ru.kaspersky.api.v1.ContentService ru.kaspersky.api.v1.HealthService
drweb.ru=ru.drweb.api.v1.GatewayService ru.drweb.api.v1.SessionService ru.drweb.api.v1.CatalogService ru.drweb.api.v1.TelemetryService ru.drweb.api.v1.ContentService ru.drweb.api.v1.HealthService
1c.ru=ru.d1c.api.v1.GatewayService ru.d1c.api.v1.SessionService ru.d1c.api.v1.CatalogService ru.d1c.api.v1.TelemetryService ru.d1c.api.v1.ContentService ru.d1c.api.v1.HealthService
kontur.ru=ru.kontur.api.v1.GatewayService ru.kontur.api.v1.SessionService ru.kontur.api.v1.CatalogService ru.kontur.api.v1.TelemetryService ru.kontur.api.v1.ContentService ru.kontur.api.v1.HealthService
ria.ru=ru.ria.api.v1.GatewayService ru.ria.api.v1.SessionService ru.ria.api.v1.CatalogService ru.ria.api.v1.TelemetryService ru.ria.api.v1.ContentService ru.ria.api.v1.HealthService
lenta.ru=ru.lenta.api.v1.GatewayService ru.lenta.api.v1.SessionService ru.lenta.api.v1.CatalogService ru.lenta.api.v1.TelemetryService ru.lenta.api.v1.ContentService ru.lenta.api.v1.HealthService
gazprom.ru=ru.gazprom.api.v1.GatewayService ru.gazprom.api.v1.SessionService ru.gazprom.api.v1.CatalogService ru.gazprom.api.v1.TelemetryService ru.gazprom.api.v1.ContentService ru.gazprom.api.v1.HealthService
rbc.ru=ru.rbc.api.v1.GatewayService ru.rbc.api.v1.SessionService ru.rbc.api.v1.CatalogService ru.rbc.api.v1.TelemetryService ru.rbc.api.v1.ContentService ru.rbc.api.v1.HealthService
tass.ru=ru.tass.api.v1.GatewayService ru.tass.api.v1.SessionService ru.tass.api.v1.CatalogService ru.tass.api.v1.TelemetryService ru.tass.api.v1.ContentService ru.tass.api.v1.HealthService
iz.ru=ru.iz.api.v1.GatewayService ru.iz.api.v1.SessionService ru.iz.api.v1.CatalogService ru.iz.api.v1.TelemetryService ru.iz.api.v1.ContentService ru.iz.api.v1.HealthService
kommersant.ru=ru.kommersant.api.v1.GatewayService ru.kommersant.api.v1.SessionService ru.kommersant.api.v1.CatalogService ru.kommersant.api.v1.TelemetryService ru.kommersant.api.v1.ContentService ru.kommersant.api.v1.HealthService
gazeta.ru=ru.gazeta.api.v1.GatewayService ru.gazeta.api.v1.SessionService ru.gazeta.api.v1.CatalogService ru.gazeta.api.v1.TelemetryService ru.gazeta.api.v1.ContentService ru.gazeta.api.v1.HealthService
life.ru=ru.life.api.v1.GatewayService ru.life.api.v1.SessionService ru.life.api.v1.CatalogService ru.life.api.v1.TelemetryService ru.life.api.v1.ContentService ru.life.api.v1.HealthService
mk.ru=ru.mk.api.v1.GatewayService ru.mk.api.v1.SessionService ru.mk.api.v1.CatalogService ru.mk.api.v1.TelemetryService ru.mk.api.v1.ContentService ru.mk.api.v1.HealthService
snob.ru=ru.snob.api.v1.GatewayService ru.snob.api.v1.SessionService ru.snob.api.v1.CatalogService ru.snob.api.v1.TelemetryService ru.snob.api.v1.ContentService ru.snob.api.v1.HealthService
forbes.ru=ru.forbes.api.v1.GatewayService ru.forbes.api.v1.SessionService ru.forbes.api.v1.CatalogService ru.forbes.api.v1.TelemetryService ru.forbes.api.v1.ContentService ru.forbes.api.v1.HealthService
interfax.ru=ru.interfax.api.v1.GatewayService ru.interfax.api.v1.SessionService ru.interfax.api.v1.CatalogService ru.interfax.api.v1.TelemetryService ru.interfax.api.v1.ContentService ru.interfax.api.v1.HealthService
m24.ru=ru.m24.api.v1.GatewayService ru.m24.api.v1.SessionService ru.m24.api.v1.CatalogService ru.m24.api.v1.TelemetryService ru.m24.api.v1.ContentService ru.m24.api.v1.HealthService
newizv.ru=ru.newizv.api.v1.GatewayService ru.newizv.api.v1.SessionService ru.newizv.api.v1.CatalogService ru.newizv.api.v1.TelemetryService ru.newizv.api.v1.ContentService ru.newizv.api.v1.HealthService
2gis.ru=ru.d2gis.api.v1.GatewayService ru.d2gis.api.v1.SessionService ru.d2gis.api.v1.CatalogService ru.d2gis.api.v1.TelemetryService ru.d2gis.api.v1.ContentService ru.d2gis.api.v1.HealthService
hh.ru=ru.hh.api.v1.GatewayService ru.hh.api.v1.SessionService ru.hh.api.v1.CatalogService ru.hh.api.v1.TelemetryService ru.hh.api.v1.ContentService ru.hh.api.v1.HealthService
tutu.ru=ru.tutu.api.v1.GatewayService ru.tutu.api.v1.SessionService ru.tutu.api.v1.CatalogService ru.tutu.api.v1.TelemetryService ru.tutu.api.v1.ContentService ru.tutu.api.v1.HealthService
aeroflot.ru=ru.aeroflot.api.v1.GatewayService ru.aeroflot.api.v1.SessionService ru.aeroflot.api.v1.CatalogService ru.aeroflot.api.v1.TelemetryService ru.aeroflot.api.v1.ContentService ru.aeroflot.api.v1.HealthService
s7.ru=ru.s7.api.v1.GatewayService ru.s7.api.v1.SessionService ru.s7.api.v1.CatalogService ru.s7.api.v1.TelemetryService ru.s7.api.v1.ContentService ru.s7.api.v1.HealthService
cdek.ru=ru.cdek.api.v1.GatewayService ru.cdek.api.v1.SessionService ru.cdek.api.v1.CatalogService ru.cdek.api.v1.TelemetryService ru.cdek.api.v1.ContentService ru.cdek.api.v1.HealthService
pochta.ru=ru.pochta.api.v1.GatewayService ru.pochta.api.v1.SessionService ru.pochta.api.v1.CatalogService ru.pochta.api.v1.TelemetryService ru.pochta.api.v1.ContentService ru.pochta.api.v1.HealthService
utair.ru=ru.utair.api.v1.GatewayService ru.utair.api.v1.SessionService ru.utair.api.v1.CatalogService ru.utair.api.v1.TelemetryService ru.utair.api.v1.ContentService ru.utair.api.v1.HealthService
pobeda.aero=aero.pobeda.api.v1.GatewayService aero.pobeda.api.v1.SessionService aero.pobeda.api.v1.CatalogService aero.pobeda.api.v1.TelemetryService aero.pobeda.api.v1.ContentService aero.pobeda.api.v1.HealthService
aeroexpress.ru=ru.aeroexpress.api.v1.GatewayService ru.aeroexpress.api.v1.SessionService ru.aeroexpress.api.v1.CatalogService ru.aeroexpress.api.v1.TelemetryService ru.aeroexpress.api.v1.ContentService ru.aeroexpress.api.v1.HealthService
dellin.ru=ru.dellin.api.v1.GatewayService ru.dellin.api.v1.SessionService ru.dellin.api.v1.CatalogService ru.dellin.api.v1.TelemetryService ru.dellin.api.v1.ContentService ru.dellin.api.v1.HealthService
pecom.ru=ru.pecom.api.v1.GatewayService ru.pecom.api.v1.SessionService ru.pecom.api.v1.CatalogService ru.pecom.api.v1.TelemetryService ru.pecom.api.v1.ContentService ru.pecom.api.v1.HealthService
boxberry.ru=ru.boxberry.api.v1.GatewayService ru.boxberry.api.v1.SessionService ru.boxberry.api.v1.CatalogService ru.boxberry.api.v1.TelemetryService ru.boxberry.api.v1.ContentService ru.boxberry.api.v1.HealthService
dpd.ru=ru.dpd.api.v1.GatewayService ru.dpd.api.v1.SessionService ru.dpd.api.v1.CatalogService ru.dpd.api.v1.TelemetryService ru.dpd.api.v1.ContentService ru.dpd.api.v1.HealthService
superjob.ru=ru.superjob.api.v1.GatewayService ru.superjob.api.v1.SessionService ru.superjob.api.v1.CatalogService ru.superjob.api.v1.TelemetryService ru.superjob.api.v1.ContentService ru.superjob.api.v1.HealthService
skillbox.ru=ru.skillbox.api.v1.GatewayService ru.skillbox.api.v1.SessionService ru.skillbox.api.v1.CatalogService ru.skillbox.api.v1.TelemetryService ru.skillbox.api.v1.ContentService ru.skillbox.api.v1.HealthService
netology.ru=ru.netology.api.v1.GatewayService ru.netology.api.v1.SessionService ru.netology.api.v1.CatalogService ru.netology.api.v1.TelemetryService ru.netology.api.v1.ContentService ru.netology.api.v1.HealthService
stepik.org=org.stepik.api.v1.GatewayService org.stepik.api.v1.SessionService org.stepik.api.v1.CatalogService org.stepik.api.v1.TelemetryService org.stepik.api.v1.ContentService org.stepik.api.v1.HealthService
hse.ru=ru.hse.api.v1.GatewayService ru.hse.api.v1.SessionService ru.hse.api.v1.CatalogService ru.hse.api.v1.TelemetryService ru.hse.api.v1.ContentService ru.hse.api.v1.HealthService
spbu.ru=ru.spbu.api.v1.GatewayService ru.spbu.api.v1.SessionService ru.spbu.api.v1.CatalogService ru.spbu.api.v1.TelemetryService ru.spbu.api.v1.ContentService ru.spbu.api.v1.HealthService
urfu.ru=ru.urfu.api.v1.GatewayService ru.urfu.api.v1.SessionService ru.urfu.api.v1.CatalogService ru.urfu.api.v1.TelemetryService ru.urfu.api.v1.ContentService ru.urfu.api.v1.HealthService
msu.ru=ru.msu.api.v1.GatewayService ru.msu.api.v1.SessionService ru.msu.api.v1.CatalogService ru.msu.api.v1.TelemetryService ru.msu.api.v1.ContentService ru.msu.api.v1.HealthService
spbstu.ru=ru.spbstu.api.v1.GatewayService ru.spbstu.api.v1.SessionService ru.spbstu.api.v1.CatalogService ru.spbstu.api.v1.TelemetryService ru.spbstu.api.v1.ContentService ru.spbstu.api.v1.HealthService
apteka.ru=ru.apteka.api.v1.GatewayService ru.apteka.api.v1.SessionService ru.apteka.api.v1.CatalogService ru.apteka.api.v1.TelemetryService ru.apteka.api.v1.ContentService ru.apteka.api.v1.HealthService
eapteka.ru=ru.eapteka.api.v1.GatewayService ru.eapteka.api.v1.SessionService ru.eapteka.api.v1.CatalogService ru.eapteka.api.v1.TelemetryService ru.eapteka.api.v1.ContentService ru.eapteka.api.v1.HealthService
zdravcity.ru=ru.zdravcity.api.v1.GatewayService ru.zdravcity.api.v1.SessionService ru.zdravcity.api.v1.CatalogService ru.zdravcity.api.v1.TelemetryService ru.zdravcity.api.v1.ContentService ru.zdravcity.api.v1.HealthService
docdoc.ru=ru.docdoc.api.v1.GatewayService ru.docdoc.api.v1.SessionService ru.docdoc.api.v1.CatalogService ru.docdoc.api.v1.TelemetryService ru.docdoc.api.v1.ContentService ru.docdoc.api.v1.HealthService
prodoctorov.ru=ru.prodoctorov.api.v1.GatewayService ru.prodoctorov.api.v1.SessionService ru.prodoctorov.api.v1.CatalogService ru.prodoctorov.api.v1.TelemetryService ru.prodoctorov.api.v1.ContentService ru.prodoctorov.api.v1.HealthService
magnit.ru=ru.magnit.api.v1.GatewayService ru.magnit.api.v1.SessionService ru.magnit.api.v1.CatalogService ru.magnit.api.v1.TelemetryService ru.magnit.api.v1.ContentService ru.magnit.api.v1.HealthService
x5.ru=ru.x5.api.v1.GatewayService ru.x5.api.v1.SessionService ru.x5.api.v1.CatalogService ru.x5.api.v1.TelemetryService ru.x5.api.v1.ContentService ru.x5.api.v1.HealthService
microsoft.com=com.microsoft.api.v1.GatewayService com.microsoft.api.v1.SessionService com.microsoft.api.v1.CatalogService com.microsoft.api.v1.TelemetryService com.microsoft.api.v1.ContentService com.microsoft.api.v1.HealthService
office.com=com.microsoft.office.api.v1.GatewayService com.microsoft.office.api.v1.SessionService com.microsoft.office.api.v1.CatalogService com.microsoft.office.api.v1.TelemetryService com.microsoft.office.api.v1.ContentService com.microsoft.office.api.v1.HealthService
live.com=com.microsoft.live.api.v1.GatewayService com.microsoft.live.api.v1.SessionService com.microsoft.live.api.v1.CatalogService com.microsoft.live.api.v1.TelemetryService com.microsoft.live.api.v1.ContentService com.microsoft.live.api.v1.HealthService
outlook.com=com.microsoft.outlook.api.v1.GatewayService com.microsoft.outlook.api.v1.SessionService com.microsoft.outlook.api.v1.CatalogService com.microsoft.outlook.api.v1.TelemetryService com.microsoft.outlook.api.v1.ContentService com.microsoft.outlook.api.v1.HealthService
bing.com=com.microsoft.bing.api.v1.GatewayService com.microsoft.bing.api.v1.SessionService com.microsoft.bing.api.v1.CatalogService com.microsoft.bing.api.v1.TelemetryService com.microsoft.bing.api.v1.ContentService com.microsoft.bing.api.v1.HealthService
msn.com=com.microsoft.msn.api.v1.GatewayService com.microsoft.msn.api.v1.SessionService com.microsoft.msn.api.v1.CatalogService com.microsoft.msn.api.v1.TelemetryService com.microsoft.msn.api.v1.ContentService com.microsoft.msn.api.v1.HealthService
azure.com=com.microsoft.azure.api.v1.GatewayService com.microsoft.azure.api.v1.SessionService com.microsoft.azure.api.v1.CatalogService com.microsoft.azure.api.v1.TelemetryService com.microsoft.azure.api.v1.ContentService com.microsoft.azure.api.v1.HealthService
windows.com=com.microsoft.windows.api.v1.GatewayService com.microsoft.windows.api.v1.SessionService com.microsoft.windows.api.v1.CatalogService com.microsoft.windows.api.v1.TelemetryService com.microsoft.windows.api.v1.ContentService com.microsoft.windows.api.v1.HealthService
xbox.com=com.microsoft.xbox.api.v1.GatewayService com.microsoft.xbox.api.v1.SessionService com.microsoft.xbox.api.v1.CatalogService com.microsoft.xbox.api.v1.TelemetryService com.microsoft.xbox.api.v1.ContentService com.microsoft.xbox.api.v1.HealthService
microsoftonline.com=com.microsoftonline.api.v1.GatewayService com.microsoftonline.api.v1.SessionService com.microsoftonline.api.v1.CatalogService com.microsoftonline.api.v1.TelemetryService com.microsoftonline.api.v1.ContentService com.microsoftonline.api.v1.HealthService
github.com=com.github.api.v1.GatewayService com.github.api.v1.SessionService com.github.api.v1.CatalogService com.github.api.v1.TelemetryService com.github.api.v1.ContentService com.github.api.v1.HealthService
githubusercontent.com=com.githubusercontent.api.v1.GatewayService com.githubusercontent.api.v1.SessionService com.githubusercontent.api.v1.CatalogService com.githubusercontent.api.v1.TelemetryService com.githubusercontent.api.v1.ContentService com.githubusercontent.api.v1.HealthService
google.com=com.google.api.v1.GatewayService com.google.api.v1.SessionService com.google.api.v1.CatalogService com.google.api.v1.TelemetryService com.google.api.v1.ContentService com.google.api.v1.HealthService
youtube.com=com.youtube.api.v1.GatewayService com.youtube.api.v1.SessionService com.youtube.api.v1.CatalogService com.youtube.api.v1.TelemetryService com.youtube.api.v1.ContentService com.youtube.api.v1.HealthService
gmail.com=com.gmail.api.v1.GatewayService com.gmail.api.v1.SessionService com.gmail.api.v1.CatalogService com.gmail.api.v1.TelemetryService com.gmail.api.v1.ContentService com.gmail.api.v1.HealthService
gstatic.com=com.gstatic.api.v1.GatewayService com.gstatic.api.v1.SessionService com.gstatic.api.v1.CatalogService com.gstatic.api.v1.TelemetryService com.gstatic.api.v1.ContentService com.gstatic.api.v1.HealthService
googleapis.com=com.googleapis.api.v1.GatewayService com.googleapis.api.v1.SessionService com.googleapis.api.v1.CatalogService com.googleapis.api.v1.TelemetryService com.googleapis.api.v1.ContentService com.googleapis.api.v1.HealthService
cloud.google.com=com.google.cloud.api.v1.GatewayService com.google.cloud.api.v1.SessionService com.google.cloud.api.v1.CatalogService com.google.cloud.api.v1.TelemetryService com.google.cloud.api.v1.ContentService com.google.cloud.api.v1.HealthService
apple.com=com.apple.api.v1.GatewayService com.apple.api.v1.SessionService com.apple.api.v1.CatalogService com.apple.api.v1.TelemetryService com.apple.api.v1.ContentService com.apple.api.v1.HealthService
icloud.com=com.icloud.api.v1.GatewayService com.icloud.api.v1.SessionService com.icloud.api.v1.CatalogService com.icloud.api.v1.TelemetryService com.icloud.api.v1.ContentService com.icloud.api.v1.HealthService
amazon.com=com.amazon.api.v1.GatewayService com.amazon.api.v1.SessionService com.amazon.api.v1.CatalogService com.amazon.api.v1.TelemetryService com.amazon.api.v1.ContentService com.amazon.api.v1.HealthService
aws.amazon.com=com.amazon.aws.api.v1.GatewayService com.amazon.aws.api.v1.SessionService com.amazon.aws.api.v1.CatalogService com.amazon.aws.api.v1.TelemetryService com.amazon.aws.api.v1.ContentService com.amazon.aws.api.v1.HealthService
cloudflare.com=com.cloudflare.api.v1.GatewayService com.cloudflare.api.v1.SessionService com.cloudflare.api.v1.CatalogService com.cloudflare.api.v1.TelemetryService com.cloudflare.api.v1.ContentService com.cloudflare.api.v1.HealthService
wikipedia.org=org.wikipedia.api.v1.GatewayService org.wikipedia.api.v1.SessionService org.wikipedia.api.v1.CatalogService org.wikipedia.api.v1.TelemetryService org.wikipedia.api.v1.ContentService org.wikipedia.api.v1.HealthService
mozilla.org=org.mozilla.api.v1.GatewayService org.mozilla.api.v1.SessionService org.mozilla.api.v1.CatalogService org.mozilla.api.v1.TelemetryService org.mozilla.api.v1.ContentService org.mozilla.api.v1.HealthService
firefox.com=com.firefox.api.v1.GatewayService com.firefox.api.v1.SessionService com.firefox.api.v1.CatalogService com.firefox.api.v1.TelemetryService com.firefox.api.v1.ContentService com.firefox.api.v1.HealthService
reddit.com=com.reddit.api.v1.GatewayService com.reddit.api.v1.SessionService com.reddit.api.v1.CatalogService com.reddit.api.v1.TelemetryService com.reddit.api.v1.ContentService com.reddit.api.v1.HealthService
x.com=com.x.api.v1.GatewayService com.x.api.v1.SessionService com.x.api.v1.CatalogService com.x.api.v1.TelemetryService com.x.api.v1.ContentService com.x.api.v1.HealthService
linkedin.com=com.linkedin.api.v1.GatewayService com.linkedin.api.v1.SessionService com.linkedin.api.v1.CatalogService com.linkedin.api.v1.TelemetryService com.linkedin.api.v1.ContentService com.linkedin.api.v1.HealthService
netflix.com=com.netflix.api.v1.GatewayService com.netflix.api.v1.SessionService com.netflix.api.v1.CatalogService com.netflix.api.v1.TelemetryService com.netflix.api.v1.ContentService com.netflix.api.v1.HealthService
spotify.com=com.spotify.api.v1.GatewayService com.spotify.api.v1.SessionService com.spotify.api.v1.CatalogService com.spotify.api.v1.TelemetryService com.spotify.api.v1.ContentService com.spotify.api.v1.HealthService
twitch.tv=tv.twitch.api.v1.GatewayService tv.twitch.api.v1.SessionService tv.twitch.api.v1.CatalogService tv.twitch.api.v1.TelemetryService tv.twitch.api.v1.ContentService tv.twitch.api.v1.HealthService
discord.com=com.discord.api.v1.GatewayService com.discord.api.v1.SessionService com.discord.api.v1.CatalogService com.discord.api.v1.TelemetryService com.discord.api.v1.ContentService com.discord.api.v1.HealthService
slack.com=com.slack.api.v1.GatewayService com.slack.api.v1.SessionService com.slack.api.v1.CatalogService com.slack.api.v1.TelemetryService com.slack.api.v1.ContentService com.slack.api.v1.HealthService
dropbox.com=com.dropbox.api.v1.GatewayService com.dropbox.api.v1.SessionService com.dropbox.api.v1.CatalogService com.dropbox.api.v1.TelemetryService com.dropbox.api.v1.ContentService com.dropbox.api.v1.HealthService
zoom.us=com.zoom.us.api.v1.GatewayService com.zoom.us.api.v1.SessionService com.zoom.us.api.v1.CatalogService com.zoom.us.api.v1.TelemetryService com.zoom.us.api.v1.ContentService com.zoom.us.api.v1.HealthService
notion.so=com.notion.so.api.v1.GatewayService com.notion.so.api.v1.SessionService com.notion.so.api.v1.CatalogService com.notion.so.api.v1.TelemetryService com.notion.so.api.v1.ContentService com.notion.so.api.v1.HealthService
figma.com=com.figma.api.v1.GatewayService com.figma.api.v1.SessionService com.figma.api.v1.CatalogService com.figma.api.v1.TelemetryService com.figma.api.v1.ContentService com.figma.api.v1.HealthService
yahoo.com=com.yahoo.api.v1.GatewayService com.yahoo.api.v1.SessionService com.yahoo.api.v1.CatalogService com.yahoo.api.v1.TelemetryService com.yahoo.api.v1.ContentService com.yahoo.api.v1.HealthService
duckduckgo.com=com.duckduckgo.api.v1.GatewayService com.duckduckgo.api.v1.SessionService com.duckduckgo.api.v1.CatalogService com.duckduckgo.api.v1.TelemetryService com.duckduckgo.api.v1.ContentService com.duckduckgo.api.v1.HealthService
paypal.com=com.paypal.api.v1.GatewayService com.paypal.api.v1.SessionService com.paypal.api.v1.CatalogService com.paypal.api.v1.TelemetryService com.paypal.api.v1.ContentService com.paypal.api.v1.HealthService
stripe.com=com.stripe.api.v1.GatewayService com.stripe.api.v1.SessionService com.stripe.api.v1.CatalogService com.stripe.api.v1.TelemetryService com.stripe.api.v1.ContentService com.stripe.api.v1.HealthService
adobe.com=com.adobe.api.v1.GatewayService com.adobe.api.v1.SessionService com.adobe.api.v1.CatalogService com.adobe.api.v1.TelemetryService com.adobe.api.v1.ContentService com.adobe.api.v1.HealthService
canva.com=com.canva.api.v1.GatewayService com.canva.api.v1.SessionService com.canva.api.v1.CatalogService com.canva.api.v1.TelemetryService com.canva.api.v1.ContentService com.canva.api.v1.HealthService
salesforce.com=com.salesforce.api.v1.GatewayService com.salesforce.api.v1.SessionService com.salesforce.api.v1.CatalogService com.salesforce.api.v1.TelemetryService com.salesforce.api.v1.ContentService com.salesforce.api.v1.HealthService
digitalocean.com=com.digitalocean.api.v1.GatewayService com.digitalocean.api.v1.SessionService com.digitalocean.api.v1.CatalogService com.digitalocean.api.v1.TelemetryService com.digitalocean.api.v1.ContentService com.digitalocean.api.v1.HealthService
ubuntu.com=com.ubuntu.api.v1.GatewayService com.ubuntu.api.v1.SessionService com.ubuntu.api.v1.CatalogService com.ubuntu.api.v1.TelemetryService com.ubuntu.api.v1.ContentService com.ubuntu.api.v1.HealthService
canonical.com=com.canonical.api.v1.GatewayService com.canonical.api.v1.SessionService com.canonical.api.v1.CatalogService com.canonical.api.v1.TelemetryService com.canonical.api.v1.ContentService com.canonical.api.v1.HealthService
oracle.com=com.oracle.api.v1.GatewayService com.oracle.api.v1.SessionService com.oracle.api.v1.CatalogService com.oracle.api.v1.TelemetryService com.oracle.api.v1.ContentService com.oracle.api.v1.HealthService
stackoverflow.com=com.stackoverflow.api.v1.GatewayService com.stackoverflow.api.v1.SessionService com.stackoverflow.api.v1.CatalogService com.stackoverflow.api.v1.TelemetryService com.stackoverflow.api.v1.ContentService com.stackoverflow.api.v1.HealthService
