# SNI pools for extended 150-domain tier_ru set
# Each domain has 10 SNI variants for rotation
yandex.ru=yandex.ru www.yandex.ru m.yandex.ru api.yandex.ru cdn.yandex.ru static.yandex.ru auth.yandex.ru login.yandex.ru lk.yandex.ru img.yandex.ru
disk.yandex.ru=disk.yandex.ru www.disk.yandex.ru m.disk.yandex.ru api.disk.yandex.ru cdn.disk.yandex.ru static.disk.yandex.ru auth.disk.yandex.ru login.disk.yandex.ru lk.disk.yandex.ru img.disk.yandex.ru
mail.ru=mail.ru www.mail.ru m.mail.ru api.mail.ru cdn.mail.ru static.mail.ru auth.mail.ru login.mail.ru lk.mail.ru img.mail.ru
dzen.ru=dzen.ru www.dzen.ru m.dzen.ru api.dzen.ru cdn.dzen.ru static.dzen.ru auth.dzen.ru login.dzen.ru lk.dzen.ru img.dzen.ru
kinopoisk.ru=kinopoisk.ru www.kinopoisk.ru m.kinopoisk.ru api.kinopoisk.ru cdn.kinopoisk.ru static.kinopoisk.ru auth.kinopoisk.ru login.kinopoisk.ru lk.kinopoisk.ru img.kinopoisk.ru
market.yandex.ru=market.yandex.ru www.market.yandex.ru m.market.yandex.ru api.market.yandex.ru cdn.market.yandex.ru static.market.yandex.ru auth.market.yandex.ru login.market.yandex.ru lk.market.yandex.ru img.market.yandex.ru
ya.ru=ya.ru www.ya.ru m.ya.ru api.ya.ru cdn.ya.ru static.ya.ru auth.ya.ru login.ya.ru lk.ya.ru img.ya.ru
auto.ru=auto.ru www.auto.ru m.auto.ru api.auto.ru cdn.auto.ru static.auto.ru auth.auto.ru login.auto.ru lk.auto.ru img.auto.ru
yandex.cloud=yandex.cloud www.yandex.cloud m.yandex.cloud api.yandex.cloud cdn.yandex.cloud static.yandex.cloud auth.yandex.cloud login.yandex.cloud lk.yandex.cloud img.yandex.cloud
music.yandex.ru=music.yandex.ru www.music.yandex.ru m.music.yandex.ru api.music.yandex.ru cdn.music.yandex.ru static.music.yandex.ru auth.music.yandex.ru login.music.yandex.ru lk.music.yandex.ru img.music.yandex.ru
news.yandex.ru=news.yandex.ru www.news.yandex.ru m.news.yandex.ru api.news.yandex.ru cdn.news.yandex.ru static.news.yandex.ru auth.news.yandex.ru login.news.yandex.ru lk.news.yandex.ru img.news.yandex.ru
maps.yandex.ru=maps.yandex.ru www.maps.yandex.ru m.maps.yandex.ru api.maps.yandex.ru cdn.maps.yandex.ru static.maps.yandex.ru auth.maps.yandex.ru login.maps.yandex.ru lk.maps.yandex.ru img.maps.yandex.ru
travel.yandex.ru=travel.yandex.ru www.travel.yandex.ru m.travel.yandex.ru api.travel.yandex.ru cdn.travel.yandex.ru static.travel.yandex.ru auth.travel.yandex.ru login.travel.yandex.ru lk.travel.yandex.ru img.travel.yandex.ru
pogoda.yandex.ru=pogoda.yandex.ru www.pogoda.yandex.ru m.pogoda.yandex.ru api.pogoda.yandex.ru cdn.pogoda.yandex.ru static.pogoda.yandex.ru auth.pogoda.yandex.ru login.pogoda.yandex.ru lk.pogoda.yandex.ru img.pogoda.yandex.ru
afisha.ru=afisha.ru www.afisha.ru m.afisha.ru api.afisha.ru cdn.afisha.ru static.afisha.ru auth.afisha.ru login.afisha.ru lk.afisha.ru img.afisha.ru
vk.com=vk.com www.vk.com m.vk.com api.vk.com cdn.vk.com static.vk.com auth.vk.com login.vk.com lk.vk.com img.vk.com
ok.ru=ok.ru www.ok.ru m.ok.ru api.ok.ru cdn.ok.ru static.ok.ru auth.ok.ru login.ok.ru lk.ok.ru img.ok.ru
rutube.ru=rutube.ru www.rutube.ru m.rutube.ru api.rutube.ru cdn.rutube.ru static.rutube.ru auth.rutube.ru login.rutube.ru lk.rutube.ru img.rutube.ru
pikabu.ru=pikabu.ru www.pikabu.ru m.pikabu.ru api.pikabu.ru cdn.pikabu.ru static.pikabu.ru auth.pikabu.ru login.pikabu.ru lk.pikabu.ru img.pikabu.ru
vc.ru=vc.ru www.vc.ru m.vc.ru api.vc.ru cdn.vc.ru static.vc.ru auth.vc.ru login.vc.ru lk.vc.ru img.vc.ru
habr.com=habr.com www.habr.com m.habr.com api.habr.com cdn.habr.com static.habr.com auth.habr.com login.habr.com lk.habr.com img.habr.com
sports.ru=sports.ru www.sports.ru m.sports.ru api.sports.ru cdn.sports.ru static.sports.ru auth.sports.ru login.sports.ru lk.sports.ru img.sports.ru
championat.com=championat.com www.championat.com m.championat.com api.championat.com cdn.championat.com static.championat.com auth.championat.com login.championat.com lk.championat.com img.championat.com
drive2.ru=drive2.ru www.drive2.ru m.drive2.ru api.drive2.ru cdn.drive2.ru static.drive2.ru auth.drive2.ru login.drive2.ru lk.drive2.ru img.drive2.ru
kp.ru=kp.ru www.kp.ru m.kp.ru api.kp.ru cdn.kp.ru static.kp.ru auth.kp.ru login.kp.ru lk.kp.ru img.kp.ru
aif.ru=aif.ru www.aif.ru m.aif.ru api.aif.ru cdn.aif.ru static.aif.ru auth.aif.ru login.aif.ru lk.aif.ru img.aif.ru
rg.ru=rg.ru www.rg.ru m.rg.ru api.rg.ru cdn.rg.ru static.rg.ru auth.rg.ru login.rg.ru lk.rg.ru img.rg.ru
vedomosti.ru=vedomosti.ru www.vedomosti.ru m.vedomosti.ru api.vedomosti.ru cdn.vedomosti.ru static.vedomosti.ru auth.vedomosti.ru login.vedomosti.ru lk.vedomosti.ru img.vedomosti.ru
fontanka.ru=fontanka.ru www.fontanka.ru m.fontanka.ru api.fontanka.ru cdn.fontanka.ru static.fontanka.ru auth.fontanka.ru login.fontanka.ru lk.fontanka.ru img.fontanka.ru
ngs.ru=ngs.ru www.ngs.ru m.ngs.ru api.ngs.ru cdn.ngs.ru static.ngs.ru auth.ngs.ru login.ngs.ru lk.ngs.ru img.ngs.ru
e1.ru=e1.ru www.e1.ru m.e1.ru api.e1.ru cdn.e1.ru static.e1.ru auth.e1.ru login.e1.ru lk.e1.ru img.e1.ru
74.ru=74.ru www.74.ru m.74.ru api.74.ru cdn.74.ru static.74.ru auth.74.ru login.74.ru lk.74.ru img.74.ru
59.ru=59.ru www.59.ru m.59.ru api.59.ru cdn.59.ru static.59.ru auth.59.ru login.59.ru lk.59.ru img.59.ru
66.ru=66.ru www.66.ru m.66.ru api.66.ru cdn.66.ru static.66.ru auth.66.ru login.66.ru lk.66.ru img.66.ru
161.ru=161.ru www.161.ru m.161.ru api.161.ru cdn.161.ru static.161.ru auth.161.ru login.161.ru lk.161.ru img.161.ru
ozon.ru=ozon.ru www.ozon.ru m.ozon.ru api.ozon.ru cdn.ozon.ru static.ozon.ru auth.ozon.ru login.ozon.ru lk.ozon.ru img.ozon.ru
wildberries.ru=wildberries.ru www.wildberries.ru m.wildberries.ru api.wildberries.ru cdn.wildberries.ru static.wildberries.ru auth.wildberries.ru login.wildberries.ru lk.wildberries.ru img.wildberries.ru
avito.ru=avito.ru www.avito.ru m.avito.ru api.avito.ru cdn.avito.ru static.avito.ru auth.avito.ru login.avito.ru lk.avito.ru img.avito.ru
dns-shop.ru=dns-shop.ru www.dns-shop.ru m.dns-shop.ru api.dns-shop.ru cdn.dns-shop.ru static.dns-shop.ru auth.dns-shop.ru login.dns-shop.ru lk.dns-shop.ru img.dns-shop.ru
citilink.ru=citilink.ru www.citilink.ru m.citilink.ru api.citilink.ru cdn.citilink.ru static.citilink.ru auth.citilink.ru login.citilink.ru lk.citilink.ru img.citilink.ru
detmir.ru=detmir.ru www.detmir.ru m.detmir.ru api.detmir.ru cdn.detmir.ru static.detmir.ru auth.detmir.ru login.detmir.ru lk.detmir.ru img.detmir.ru
megamarket.ru=megamarket.ru www.megamarket.ru m.megamarket.ru api.megamarket.ru cdn.megamarket.ru static.megamarket.ru auth.megamarket.ru login.megamarket.ru lk.megamarket.ru img.megamarket.ru
wb.ru=wb.ru www.wb.ru m.wb.ru api.wb.ru cdn.wb.ru static.wb.ru auth.wb.ru login.wb.ru lk.wb.ru img.wb.ru
mvideo.ru=mvideo.ru www.mvideo.ru m.mvideo.ru api.mvideo.ru cdn.mvideo.ru static.mvideo.ru auth.mvideo.ru login.mvideo.ru lk.mvideo.ru img.mvideo.ru
eldorado.ru=eldorado.ru www.eldorado.ru m.eldorado.ru api.eldorado.ru cdn.eldorado.ru static.eldorado.ru auth.eldorado.ru login.eldorado.ru lk.eldorado.ru img.eldorado.ru
lamoda.ru=lamoda.ru www.lamoda.ru m.lamoda.ru api.lamoda.ru cdn.lamoda.ru static.lamoda.ru auth.lamoda.ru login.lamoda.ru lk.lamoda.ru img.lamoda.ru
hoff.ru=hoff.ru www.hoff.ru m.hoff.ru api.hoff.ru cdn.hoff.ru static.hoff.ru auth.hoff.ru login.hoff.ru lk.hoff.ru img.hoff.ru
petrovich.ru=petrovich.ru www.petrovich.ru m.petrovich.ru api.petrovich.ru cdn.petrovich.ru static.petrovich.ru auth.petrovich.ru login.petrovich.ru lk.petrovich.ru img.petrovich.ru
lemanapro.ru=lemanapro.ru www.lemanapro.ru m.lemanapro.ru api.lemanapro.ru cdn.lemanapro.ru static.lemanapro.ru auth.lemanapro.ru login.lemanapro.ru lk.lemanapro.ru img.lemanapro.ru
vseinstrumenti.ru=vseinstrumenti.ru www.vseinstrumenti.ru m.vseinstrumenti.ru api.vseinstrumenti.ru cdn.vseinstrumenti.ru static.vseinstrumenti.ru auth.vseinstrumenti.ru login.vseinstrumenti.ru lk.vseinstrumenti.ru img.vseinstrumenti.ru
perekrestok.ru=perekrestok.ru www.perekrestok.ru m.perekrestok.ru api.perekrestok.ru cdn.perekrestok.ru static.perekrestok.ru auth.perekrestok.ru login.perekrestok.ru lk.perekrestok.ru img.perekrestok.ru
vprok.ru=vprok.ru www.vprok.ru m.vprok.ru api.vprok.ru cdn.vprok.ru static.vprok.ru auth.vprok.ru login.vprok.ru lk.vprok.ru img.vprok.ru
samokat.ru=samokat.ru www.samokat.ru m.samokat.ru api.samokat.ru cdn.samokat.ru static.samokat.ru auth.samokat.ru login.samokat.ru lk.samokat.ru img.samokat.ru
sbermarket.ru=sbermarket.ru www.sbermarket.ru m.sbermarket.ru api.sbermarket.ru cdn.sbermarket.ru static.sbermarket.ru auth.sbermarket.ru login.sbermarket.ru lk.sbermarket.ru img.sbermarket.ru
chitai-gorod.ru=chitai-gorod.ru www.chitai-gorod.ru m.chitai-gorod.ru api.chitai-gorod.ru cdn.chitai-gorod.ru static.chitai-gorod.ru auth.chitai-gorod.ru login.chitai-gorod.ru lk.chitai-gorod.ru img.chitai-gorod.ru
sberbank.ru=sberbank.ru www.sberbank.ru m.sberbank.ru api.sberbank.ru cdn.sberbank.ru static.sberbank.ru auth.sberbank.ru login.sberbank.ru lk.sberbank.ru img.sberbank.ru
tbank.ru=tbank.ru www.tbank.ru m.tbank.ru api.tbank.ru cdn.tbank.ru static.tbank.ru auth.tbank.ru login.tbank.ru lk.tbank.ru img.tbank.ru
tinkoff.ru=tinkoff.ru www.tinkoff.ru m.tinkoff.ru api.tinkoff.ru cdn.tinkoff.ru static.tinkoff.ru auth.tinkoff.ru login.tinkoff.ru lk.tinkoff.ru img.tinkoff.ru
alfabank.ru=alfabank.ru www.alfabank.ru m.alfabank.ru api.alfabank.ru cdn.alfabank.ru static.alfabank.ru auth.alfabank.ru login.alfabank.ru lk.alfabank.ru img.alfabank.ru
vtb.ru=vtb.ru www.vtb.ru m.vtb.ru api.vtb.ru cdn.vtb.ru static.vtb.ru auth.vtb.ru login.vtb.ru lk.vtb.ru img.vtb.ru
gazprombank.ru=gazprombank.ru www.gazprombank.ru m.gazprombank.ru api.gazprombank.ru cdn.gazprombank.ru static.gazprombank.ru auth.gazprombank.ru login.gazprombank.ru lk.gazprombank.ru img.gazprombank.ru
yoomoney.ru=yoomoney.ru www.yoomoney.ru m.yoomoney.ru api.yoomoney.ru cdn.yoomoney.ru static.yoomoney.ru auth.yoomoney.ru login.yoomoney.ru lk.yoomoney.ru img.yoomoney.ru
banki.ru=banki.ru www.banki.ru m.banki.ru api.banki.ru cdn.banki.ru static.banki.ru auth.banki.ru login.banki.ru lk.banki.ru img.banki.ru
sravni.ru=sravni.ru www.sravni.ru m.sravni.ru api.sravni.ru cdn.sravni.ru static.sravni.ru auth.sravni.ru login.sravni.ru lk.sravni.ru img.sravni.ru
raiffeisen.ru=raiffeisen.ru www.raiffeisen.ru m.raiffeisen.ru api.raiffeisen.ru cdn.raiffeisen.ru static.raiffeisen.ru auth.raiffeisen.ru login.raiffeisen.ru lk.raiffeisen.ru img.raiffeisen.ru
rosbank.ru=rosbank.ru www.rosbank.ru m.rosbank.ru api.rosbank.ru cdn.rosbank.ru static.rosbank.ru auth.rosbank.ru login.rosbank.ru lk.rosbank.ru img.rosbank.ru
psbank.ru=psbank.ru www.psbank.ru m.psbank.ru api.psbank.ru cdn.psbank.ru static.psbank.ru auth.psbank.ru login.psbank.ru lk.psbank.ru img.psbank.ru
sovcombank.ru=sovcombank.ru www.sovcombank.ru m.sovcombank.ru api.sovcombank.ru cdn.sovcombank.ru static.sovcombank.ru auth.sovcombank.ru login.sovcombank.ru lk.sovcombank.ru img.sovcombank.ru
akbars.ru=akbars.ru www.akbars.ru m.akbars.ru api.akbars.ru cdn.akbars.ru static.akbars.ru auth.akbars.ru login.akbars.ru lk.akbars.ru img.akbars.ru
domrfbank.ru=domrfbank.ru www.domrfbank.ru m.domrfbank.ru api.domrfbank.ru cdn.domrfbank.ru static.domrfbank.ru auth.domrfbank.ru login.domrfbank.ru lk.domrfbank.ru img.domrfbank.ru
cbr.ru=cbr.ru www.cbr.ru m.cbr.ru api.cbr.ru cdn.cbr.ru static.cbr.ru auth.cbr.ru login.cbr.ru lk.cbr.ru img.cbr.ru
rshb.ru=rshb.ru www.rshb.ru m.rshb.ru api.rshb.ru cdn.rshb.ru static.rshb.ru auth.rshb.ru login.rshb.ru lk.rshb.ru img.rshb.ru
gosuslugi.ru=gosuslugi.ru www.gosuslugi.ru m.gosuslugi.ru api.gosuslugi.ru cdn.gosuslugi.ru static.gosuslugi.ru auth.gosuslugi.ru login.gosuslugi.ru lk.gosuslugi.ru img.gosuslugi.ru
mos.ru=mos.ru www.mos.ru m.mos.ru api.mos.ru cdn.mos.ru static.mos.ru auth.mos.ru login.mos.ru lk.mos.ru img.mos.ru
nalog.ru=nalog.ru www.nalog.ru m.nalog.ru api.nalog.ru cdn.nalog.ru static.nalog.ru auth.nalog.ru login.nalog.ru lk.nalog.ru img.nalog.ru
zakupki.gov.ru=zakupki.gov.ru www.zakupki.gov.ru m.zakupki.gov.ru api.zakupki.gov.ru cdn.zakupki.gov.ru static.zakupki.gov.ru auth.zakupki.gov.ru login.zakupki.gov.ru lk.zakupki.gov.ru img.zakupki.gov.ru
rzd.ru=rzd.ru www.rzd.ru m.rzd.ru api.rzd.ru cdn.rzd.ru static.rzd.ru auth.rzd.ru login.rzd.ru lk.rzd.ru img.rzd.ru
sfr.gov.ru=sfr.gov.ru www.sfr.gov.ru m.sfr.gov.ru api.sfr.gov.ru cdn.sfr.gov.ru static.sfr.gov.ru auth.sfr.gov.ru login.sfr.gov.ru lk.sfr.gov.ru img.sfr.gov.ru
fssp.gov.ru=fssp.gov.ru www.fssp.gov.ru m.fssp.gov.ru api.fssp.gov.ru cdn.fssp.gov.ru static.fssp.gov.ru auth.fssp.gov.ru login.fssp.gov.ru lk.fssp.gov.ru img.fssp.gov.ru
gibdd.ru=gibdd.ru www.gibdd.ru m.gibdd.ru api.gibdd.ru cdn.gibdd.ru static.gibdd.ru auth.gibdd.ru login.gibdd.ru lk.gibdd.ru img.gibdd.ru
rosreestr.gov.ru=rosreestr.gov.ru www.rosreestr.gov.ru m.rosreestr.gov.ru api.rosreestr.gov.ru cdn.rosreestr.gov.ru static.rosreestr.gov.ru auth.rosreestr.gov.ru login.rosreestr.gov.ru lk.rosreestr.gov.ru img.rosreestr.gov.ru
rostrud.gov.ru=rostrud.gov.ru www.rostrud.gov.ru m.rostrud.gov.ru api.rostrud.gov.ru cdn.rostrud.gov.ru static.rostrud.gov.ru auth.rostrud.gov.ru login.rostrud.gov.ru lk.rostrud.gov.ru img.rostrud.gov.ru
trudvsem.ru=trudvsem.ru www.trudvsem.ru m.trudvsem.ru api.trudvsem.ru cdn.trudvsem.ru static.trudvsem.ru auth.trudvsem.ru login.trudvsem.ru lk.trudvsem.ru img.trudvsem.ru
minzdrav.gov.ru=minzdrav.gov.ru www.minzdrav.gov.ru m.minzdrav.gov.ru api.minzdrav.gov.ru cdn.minzdrav.gov.ru static.minzdrav.gov.ru auth.minzdrav.gov.ru login.minzdrav.gov.ru lk.minzdrav.gov.ru img.minzdrav.gov.ru
minfin.gov.ru=minfin.gov.ru www.minfin.gov.ru m.minfin.gov.ru api.minfin.gov.ru cdn.minfin.gov.ru static.minfin.gov.ru auth.minfin.gov.ru login.minfin.gov.ru lk.minfin.gov.ru img.minfin.gov.ru
edu.gov.ru=edu.gov.ru www.edu.gov.ru m.edu.gov.ru api.edu.gov.ru cdn.edu.gov.ru static.edu.gov.ru auth.edu.gov.ru login.edu.gov.ru lk.edu.gov.ru img.edu.gov.ru
customs.gov.ru=customs.gov.ru www.customs.gov.ru m.customs.gov.ru api.customs.gov.ru cdn.customs.gov.ru static.customs.gov.ru auth.customs.gov.ru login.customs.gov.ru lk.customs.gov.ru img.customs.gov.ru
megafon.ru=megafon.ru www.megafon.ru m.megafon.ru api.megafon.ru cdn.megafon.ru static.megafon.ru auth.megafon.ru login.megafon.ru lk.megafon.ru img.megafon.ru
mts.ru=mts.ru www.mts.ru m.mts.ru api.mts.ru cdn.mts.ru static.mts.ru auth.mts.ru login.mts.ru lk.mts.ru img.mts.ru
beeline.ru=beeline.ru www.beeline.ru m.beeline.ru api.beeline.ru cdn.beeline.ru static.beeline.ru auth.beeline.ru login.beeline.ru lk.beeline.ru img.beeline.ru
tele2.ru=tele2.ru www.tele2.ru m.tele2.ru api.tele2.ru cdn.tele2.ru static.tele2.ru auth.tele2.ru login.tele2.ru lk.tele2.ru img.tele2.ru
rt.ru=rt.ru www.rt.ru m.rt.ru api.rt.ru cdn.rt.ru static.rt.ru auth.rt.ru login.rt.ru lk.rt.ru img.rt.ru
yota.ru=yota.ru www.yota.ru m.yota.ru api.yota.ru cdn.yota.ru static.yota.ru auth.yota.ru login.yota.ru lk.yota.ru img.yota.ru
mgts.ru=mgts.ru www.mgts.ru m.mgts.ru api.mgts.ru cdn.mgts.ru static.mgts.ru auth.mgts.ru login.mgts.ru lk.mgts.ru img.mgts.ru
dom.ru=dom.ru www.dom.ru m.dom.ru api.dom.ru cdn.dom.ru static.dom.ru auth.dom.ru login.dom.ru lk.dom.ru img.dom.ru
tattelecom.ru=tattelecom.ru www.tattelecom.ru m.tattelecom.ru api.tattelecom.ru cdn.tattelecom.ru static.tattelecom.ru auth.tattelecom.ru login.tattelecom.ru lk.tattelecom.ru img.tattelecom.ru
reg.ru=reg.ru www.reg.ru m.reg.ru api.reg.ru cdn.reg.ru static.reg.ru auth.reg.ru login.reg.ru lk.reg.ru img.reg.ru
nic.ru=nic.ru www.nic.ru m.nic.ru api.nic.ru cdn.nic.ru static.nic.ru auth.nic.ru login.nic.ru lk.nic.ru img.nic.ru
okko.tv=okko.tv www.okko.tv m.okko.tv api.okko.tv cdn.okko.tv static.okko.tv auth.okko.tv login.okko.tv lk.okko.tv img.okko.tv
ivi.ru=ivi.ru www.ivi.ru m.ivi.ru api.ivi.ru cdn.ivi.ru static.ivi.ru auth.ivi.ru login.ivi.ru lk.ivi.ru img.ivi.ru
kion.ru=kion.ru www.kion.ru m.kion.ru api.kion.ru cdn.kion.ru static.kion.ru auth.kion.ru login.kion.ru lk.kion.ru img.kion.ru
kaspersky.ru=kaspersky.ru www.kaspersky.ru m.kaspersky.ru api.kaspersky.ru cdn.kaspersky.ru static.kaspersky.ru auth.kaspersky.ru login.kaspersky.ru lk.kaspersky.ru img.kaspersky.ru
drweb.ru=drweb.ru www.drweb.ru m.drweb.ru api.drweb.ru cdn.drweb.ru static.drweb.ru auth.drweb.ru login.drweb.ru lk.drweb.ru img.drweb.ru
1c.ru=1c.ru www.1c.ru m.1c.ru api.1c.ru cdn.1c.ru static.1c.ru auth.1c.ru login.1c.ru lk.1c.ru img.1c.ru
kontur.ru=kontur.ru www.kontur.ru m.kontur.ru api.kontur.ru cdn.kontur.ru static.kontur.ru auth.kontur.ru login.kontur.ru lk.kontur.ru img.kontur.ru
ria.ru=ria.ru www.ria.ru m.ria.ru api.ria.ru cdn.ria.ru static.ria.ru auth.ria.ru login.ria.ru lk.ria.ru img.ria.ru
lenta.ru=lenta.ru www.lenta.ru m.lenta.ru api.lenta.ru cdn.lenta.ru static.lenta.ru auth.lenta.ru login.lenta.ru lk.lenta.ru img.lenta.ru
gazprom.ru=gazprom.ru www.gazprom.ru m.gazprom.ru api.gazprom.ru cdn.gazprom.ru static.gazprom.ru auth.gazprom.ru login.gazprom.ru lk.gazprom.ru img.gazprom.ru
rbc.ru=rbc.ru www.rbc.ru m.rbc.ru api.rbc.ru cdn.rbc.ru static.rbc.ru auth.rbc.ru login.rbc.ru lk.rbc.ru img.rbc.ru
tass.ru=tass.ru www.tass.ru m.tass.ru api.tass.ru cdn.tass.ru static.tass.ru auth.tass.ru login.tass.ru lk.tass.ru img.tass.ru
iz.ru=iz.ru www.iz.ru m.iz.ru api.iz.ru cdn.iz.ru static.iz.ru auth.iz.ru login.iz.ru lk.iz.ru img.iz.ru
kommersant.ru=kommersant.ru www.kommersant.ru m.kommersant.ru api.kommersant.ru cdn.kommersant.ru static.kommersant.ru auth.kommersant.ru login.kommersant.ru lk.kommersant.ru img.kommersant.ru
gazeta.ru=gazeta.ru www.gazeta.ru m.gazeta.ru api.gazeta.ru cdn.gazeta.ru static.gazeta.ru auth.gazeta.ru login.gazeta.ru lk.gazeta.ru img.gazeta.ru
life.ru=life.ru www.life.ru m.life.ru api.life.ru cdn.life.ru static.life.ru auth.life.ru login.life.ru lk.life.ru img.life.ru
mk.ru=mk.ru www.mk.ru m.mk.ru api.mk.ru cdn.mk.ru static.mk.ru auth.mk.ru login.mk.ru lk.mk.ru img.mk.ru
snob.ru=snob.ru www.snob.ru m.snob.ru api.snob.ru cdn.snob.ru static.snob.ru auth.snob.ru login.snob.ru lk.snob.ru img.snob.ru
forbes.ru=forbes.ru www.forbes.ru m.forbes.ru api.forbes.ru cdn.forbes.ru static.forbes.ru auth.forbes.ru login.forbes.ru lk.forbes.ru img.forbes.ru
interfax.ru=interfax.ru www.interfax.ru m.interfax.ru api.interfax.ru cdn.interfax.ru static.interfax.ru auth.interfax.ru login.interfax.ru lk.interfax.ru img.interfax.ru
m24.ru=m24.ru www.m24.ru m.m24.ru api.m24.ru cdn.m24.ru static.m24.ru auth.m24.ru login.m24.ru lk.m24.ru img.m24.ru
newizv.ru=newizv.ru www.newizv.ru m.newizv.ru api.newizv.ru cdn.newizv.ru static.newizv.ru auth.newizv.ru login.newizv.ru lk.newizv.ru img.newizv.ru
2gis.ru=2gis.ru www.2gis.ru m.2gis.ru api.2gis.ru cdn.2gis.ru static.2gis.ru auth.2gis.ru login.2gis.ru lk.2gis.ru img.2gis.ru
hh.ru=hh.ru www.hh.ru m.hh.ru api.hh.ru cdn.hh.ru static.hh.ru auth.hh.ru login.hh.ru lk.hh.ru img.hh.ru
tutu.ru=tutu.ru www.tutu.ru m.tutu.ru api.tutu.ru cdn.tutu.ru static.tutu.ru auth.tutu.ru login.tutu.ru lk.tutu.ru img.tutu.ru
aeroflot.ru=aeroflot.ru www.aeroflot.ru m.aeroflot.ru api.aeroflot.ru cdn.aeroflot.ru static.aeroflot.ru auth.aeroflot.ru login.aeroflot.ru lk.aeroflot.ru img.aeroflot.ru
s7.ru=s7.ru www.s7.ru m.s7.ru api.s7.ru cdn.s7.ru static.s7.ru auth.s7.ru login.s7.ru lk.s7.ru img.s7.ru
cdek.ru=cdek.ru www.cdek.ru m.cdek.ru api.cdek.ru cdn.cdek.ru static.cdek.ru auth.cdek.ru login.cdek.ru lk.cdek.ru img.cdek.ru
pochta.ru=pochta.ru www.pochta.ru m.pochta.ru api.pochta.ru cdn.pochta.ru static.pochta.ru auth.pochta.ru login.pochta.ru lk.pochta.ru img.pochta.ru
utair.ru=utair.ru www.utair.ru m.utair.ru api.utair.ru cdn.utair.ru static.utair.ru auth.utair.ru login.utair.ru lk.utair.ru img.utair.ru
pobeda.aero=pobeda.aero www.pobeda.aero m.pobeda.aero api.pobeda.aero cdn.pobeda.aero static.pobeda.aero auth.pobeda.aero login.pobeda.aero lk.pobeda.aero img.pobeda.aero
aeroexpress.ru=aeroexpress.ru www.aeroexpress.ru m.aeroexpress.ru api.aeroexpress.ru cdn.aeroexpress.ru static.aeroexpress.ru auth.aeroexpress.ru login.aeroexpress.ru lk.aeroexpress.ru img.aeroexpress.ru
dellin.ru=dellin.ru www.dellin.ru m.dellin.ru api.dellin.ru cdn.dellin.ru static.dellin.ru auth.dellin.ru login.dellin.ru lk.dellin.ru img.dellin.ru
pecom.ru=pecom.ru www.pecom.ru m.pecom.ru api.pecom.ru cdn.pecom.ru static.pecom.ru auth.pecom.ru login.pecom.ru lk.pecom.ru img.pecom.ru
boxberry.ru=boxberry.ru www.boxberry.ru m.boxberry.ru api.boxberry.ru cdn.boxberry.ru static.boxberry.ru auth.boxberry.ru login.boxberry.ru lk.boxberry.ru img.boxberry.ru
dpd.ru=dpd.ru www.dpd.ru m.dpd.ru api.dpd.ru cdn.dpd.ru static.dpd.ru auth.dpd.ru login.dpd.ru lk.dpd.ru img.dpd.ru
superjob.ru=superjob.ru www.superjob.ru m.superjob.ru api.superjob.ru cdn.superjob.ru static.superjob.ru auth.superjob.ru login.superjob.ru lk.superjob.ru img.superjob.ru
skillbox.ru=skillbox.ru www.skillbox.ru m.skillbox.ru api.skillbox.ru cdn.skillbox.ru static.skillbox.ru auth.skillbox.ru login.skillbox.ru lk.skillbox.ru img.skillbox.ru
netology.ru=netology.ru www.netology.ru m.netology.ru api.netology.ru cdn.netology.ru static.netology.ru auth.netology.ru login.netology.ru lk.netology.ru img.netology.ru
stepik.org=stepik.org www.stepik.org m.stepik.org api.stepik.org cdn.stepik.org static.stepik.org auth.stepik.org login.stepik.org lk.stepik.org img.stepik.org
hse.ru=hse.ru www.hse.ru m.hse.ru api.hse.ru cdn.hse.ru static.hse.ru auth.hse.ru login.hse.ru lk.hse.ru img.hse.ru
spbu.ru=spbu.ru www.spbu.ru m.spbu.ru api.spbu.ru cdn.spbu.ru static.spbu.ru auth.spbu.ru login.spbu.ru lk.spbu.ru img.spbu.ru
urfu.ru=urfu.ru www.urfu.ru m.urfu.ru api.urfu.ru cdn.urfu.ru static.urfu.ru auth.urfu.ru login.urfu.ru lk.urfu.ru img.urfu.ru
msu.ru=msu.ru www.msu.ru m.msu.ru api.msu.ru cdn.msu.ru static.msu.ru auth.msu.ru login.msu.ru lk.msu.ru img.msu.ru
spbstu.ru=spbstu.ru www.spbstu.ru m.spbstu.ru api.spbstu.ru cdn.spbstu.ru static.spbstu.ru auth.spbstu.ru login.spbstu.ru lk.spbstu.ru img.spbstu.ru
apteka.ru=apteka.ru www.apteka.ru m.apteka.ru api.apteka.ru cdn.apteka.ru static.apteka.ru auth.apteka.ru login.apteka.ru lk.apteka.ru img.apteka.ru
eapteka.ru=eapteka.ru www.eapteka.ru m.eapteka.ru api.eapteka.ru cdn.eapteka.ru static.eapteka.ru auth.eapteka.ru login.eapteka.ru lk.eapteka.ru img.eapteka.ru
zdravcity.ru=zdravcity.ru www.zdravcity.ru m.zdravcity.ru api.zdravcity.ru cdn.zdravcity.ru static.zdravcity.ru auth.zdravcity.ru login.zdravcity.ru lk.zdravcity.ru img.zdravcity.ru
docdoc.ru=docdoc.ru www.docdoc.ru m.docdoc.ru api.docdoc.ru cdn.docdoc.ru static.docdoc.ru auth.docdoc.ru login.docdoc.ru lk.docdoc.ru img.docdoc.ru
prodoctorov.ru=prodoctorov.ru www.prodoctorov.ru m.prodoctorov.ru api.prodoctorov.ru cdn.prodoctorov.ru static.prodoctorov.ru auth.prodoctorov.ru login.prodoctorov.ru lk.prodoctorov.ru img.prodoctorov.ru
magnit.ru=magnit.ru www.magnit.ru m.magnit.ru api.magnit.ru cdn.magnit.ru static.magnit.ru auth.magnit.ru login.magnit.ru lk.magnit.ru img.magnit.ru
x5.ru=x5.ru www.x5.ru m.x5.ru api.x5.ru cdn.x5.ru static.x5.ru auth.x5.ru login.x5.ru lk.x5.ru img.x5.ru
microsoft.com=microsoft.com www.microsoft.com login.microsoftonline.com account.microsoft.com portal.office.com outlook.office.com azure.microsoft.com teams.microsoft.com download.microsoft.com support.microsoft.com
office.com=office.com www.office.com portal.office.com login.office.com outlook.office.com teams.office.com admin.office.com account.office.com static.office.com cdn.office.com
live.com=live.com www.live.com login.live.com account.live.com signup.live.com outlook.live.com mail.live.com calendar.live.com photos.live.com support.live.com
outlook.com=outlook.com www.outlook.com mail.outlook.com login.outlook.com account.outlook.com outlook.office.com webmail.outlook.com calendar.outlook.com support.outlook.com static.outlook.com
bing.com=bing.com www.bing.com cn.bing.com api.bing.com www2.bing.com images.bing.com video.bing.com maps.bing.com edgeservices.bing.com support.bing.com
msn.com=msn.com www.msn.com api.msn.com assets.msn.com mail.msn.com news.msn.com weather.msn.com money.msn.com sports.msn.com support.msn.com
azure.com=azure.com www.azure.com portal.azure.com management.azure.com login.microsoftonline.com static.azure.com docs.azure.com learn.azure.com download.azure.com support.azure.com
windows.com=windows.com www.windows.com update.windows.com download.windows.com support.windows.com account.windows.com login.windows.com docs.windows.com store.windows.com cdn.windows.com
xbox.com=xbox.com www.xbox.com account.xbox.com live.xbox.com login.live.com support.xbox.com news.xbox.com store.xbox.com assets.xbox.com static.xbox.com
microsoftonline.com=microsoftonline.com www.microsoftonline.com m.microsoftonline.com api.microsoftonline.com cdn.microsoftonline.com static.microsoftonline.com auth.microsoftonline.com login.microsoftonline.com account.microsoftonline.com admin.microsoftonline.com
